Component: ARM Compiler 5.06 update 7 (build 960) Tool: armlink [4d3601]

==============================================================================

Section Cross References

    main.o(.text) refers to utils.o(.text) for delay_init
    main.o(.text) refers to misc.o(.text) for NVIC_PriorityGroupConfig
    main.o(.text) refers to usart1.o(.text) for usart1_init
    main.o(.text) refers to led.o(.text) for led_init
    main.o(.text) refers to led.o(.bss) for led0_ctrl
    utils.o(.text) refers to printfa.o(i.__0vprintf) for __c89vprintf
    utils.o(.text) refers to misc.o(.text) for SysTick_CLKSourceConfig
    utils.o(.text) refers to system_stm32f10x.o(.data) for SystemCoreClock
    utils.o(.text) refers to utils.o(.data) for .data
    system_stm32f10x.o(.text) refers to system_stm32f10x.o(.data) for .data
    usart1.o(.text) refers to stm32f10x_rcc.o(.text) for RCC_APB2PeriphClockCmd
    usart1.o(.text) refers to stm32f10x_gpio.o(.text) for GPIO_Init
    usart1.o(.text) refers to stm32f10x_usart.o(.text) for USART_Init
    usart1.o(.text) refers to misc.o(.text) for NVIC_Init
    led.o(.text) refers to stm32f10x_gpio.o(.text) for GPIO_WriteBit
    led.o(.text) refers to stm32f10x_rcc.o(.text) for RCC_APB2PeriphClockCmd
    led.o(.text) refers to led.o(.data) for .data
    led.o(.text) refers to led.o(.bss) for .bss
    startup_stm32f10x_md.o(RESET) refers to startup_stm32f10x_md.o(STACK) for __initial_sp
    startup_stm32f10x_md.o(RESET) refers to startup_stm32f10x_md.o(.text) for Reset_Handler
    startup_stm32f10x_md.o(RESET) refers to stm32f10x_it.o(.text) for NMI_Handler
    startup_stm32f10x_md.o(RESET) refers to usart1.o(.text) for USART1_IRQHandler
    startup_stm32f10x_md.o(.text) refers to system_stm32f10x.o(.text) for SystemInit
    startup_stm32f10x_md.o(.text) refers to entry.o(.ARM.Collect$$$$00000000) for __main
    stm32f10x_adc.o(.text) refers to stm32f10x_rcc.o(.text) for RCC_APB2PeriphResetCmd
    stm32f10x_bkp.o(.text) refers to stm32f10x_rcc.o(.text) for RCC_BackupResetCmd
    stm32f10x_can.o(.text) refers to stm32f10x_rcc.o(.text) for RCC_APB1PeriphResetCmd
    stm32f10x_cec.o(.text) refers to stm32f10x_rcc.o(.text) for RCC_APB1PeriphResetCmd
    stm32f10x_dac.o(.text) refers to stm32f10x_rcc.o(.text) for RCC_APB1PeriphResetCmd
    stm32f10x_gpio.o(.text) refers to stm32f10x_rcc.o(.text) for RCC_APB2PeriphResetCmd
    stm32f10x_i2c.o(.text) refers to stm32f10x_rcc.o(.text) for RCC_APB1PeriphResetCmd
    stm32f10x_pwr.o(.text) refers to stm32f10x_rcc.o(.text) for RCC_APB1PeriphResetCmd
    stm32f10x_rcc.o(.text) refers to stm32f10x_rcc.o(.data) for .data
    stm32f10x_spi.o(.text) refers to stm32f10x_rcc.o(.text) for RCC_APB2PeriphResetCmd
    stm32f10x_tim.o(.text) refers to stm32f10x_rcc.o(.text) for RCC_APB2PeriphResetCmd
    stm32f10x_usart.o(.text) refers to stm32f10x_rcc.o(.text) for RCC_APB2PeriphResetCmd
    stm32f10x_wwdg.o(.text) refers to stm32f10x_rcc.o(.text) for RCC_APB1PeriphResetCmd
    entry.o(.ARM.Collect$$$$00000000) refers (Special) to entry10a.o(.ARM.Collect$$$$0000000F) for __rt_final_cpp
    entry.o(.ARM.Collect$$$$00000000) refers (Special) to entry11a.o(.ARM.Collect$$$$00000011) for __rt_final_exit
    entry.o(.ARM.Collect$$$$00000000) refers (Special) to entry12b.o(.ARM.Collect$$$$0000000E) for __rt_lib_shutdown_fini
    entry.o(.ARM.Collect$$$$00000000) refers (Special) to entry7b.o(.ARM.Collect$$$$00000008) for _main_clock
    entry.o(.ARM.Collect$$$$00000000) refers (Special) to entry8b.o(.ARM.Collect$$$$0000000A) for _main_cpp_init
    entry.o(.ARM.Collect$$$$00000000) refers (Special) to entry9a.o(.ARM.Collect$$$$0000000B) for _main_init
    entry.o(.ARM.Collect$$$$00000000) refers (Special) to entry5.o(.ARM.Collect$$$$00000004) for _main_scatterload
    entry.o(.ARM.Collect$$$$00000000) refers (Special) to entry2.o(.ARM.Collect$$$$00000001) for _main_stk
    printfa.o(i.__0fprintf) refers (Special) to iusefp.o(.text) for __I$use$fp
    printfa.o(i.__0fprintf) refers to printfa.o(i._printf_core) for _printf_core
    printfa.o(i.__0fprintf) refers to utils.o(.text) for fputc
    printfa.o(i.__0printf) refers (Special) to iusefp.o(.text) for __I$use$fp
    printfa.o(i.__0printf) refers to printfa.o(i._printf_core) for _printf_core
    printfa.o(i.__0printf) refers to utils.o(.text) for fputc
    printfa.o(i.__0printf) refers to stdout.o(.data) for __stdout
    printfa.o(i.__0snprintf) refers (Special) to iusefp.o(.text) for __I$use$fp
    printfa.o(i.__0snprintf) refers to printfa.o(i._printf_core) for _printf_core
    printfa.o(i.__0snprintf) refers to printfa.o(i._snputc) for _snputc
    printfa.o(i.__0sprintf) refers (Special) to iusefp.o(.text) for __I$use$fp
    printfa.o(i.__0sprintf) refers to printfa.o(i._printf_core) for _printf_core
    printfa.o(i.__0sprintf) refers to printfa.o(i._sputc) for _sputc
    printfa.o(i.__0vfprintf) refers (Special) to iusefp.o(.text) for __I$use$fp
    printfa.o(i.__0vfprintf) refers to printfa.o(i._printf_core) for _printf_core
    printfa.o(i.__0vfprintf) refers to utils.o(.text) for fputc
    printfa.o(i.__0vprintf) refers (Special) to iusefp.o(.text) for __I$use$fp
    printfa.o(i.__0vprintf) refers to printfa.o(i._printf_core) for _printf_core
    printfa.o(i.__0vprintf) refers to utils.o(.text) for fputc
    printfa.o(i.__0vprintf) refers to stdout.o(.data) for __stdout
    printfa.o(i.__0vsnprintf) refers (Special) to iusefp.o(.text) for __I$use$fp
    printfa.o(i.__0vsnprintf) refers to printfa.o(i._printf_core) for _printf_core
    printfa.o(i.__0vsnprintf) refers to printfa.o(i._snputc) for _snputc
    printfa.o(i.__0vsprintf) refers (Special) to iusefp.o(.text) for __I$use$fp
    printfa.o(i.__0vsprintf) refers to printfa.o(i._printf_core) for _printf_core
    printfa.o(i.__0vsprintf) refers to printfa.o(i._sputc) for _sputc
    printfa.o(i._fp_digits) refers (Special) to iusefp.o(.text) for __I$use$fp
    printfa.o(i._fp_digits) refers to dmul.o(.text) for __aeabi_dmul
    printfa.o(i._fp_digits) refers to ddiv.o(.text) for __aeabi_ddiv
    printfa.o(i._fp_digits) refers to cdrcmple.o(.text) for __aeabi_cdrcmple
    printfa.o(i._fp_digits) refers to dadd.o(.text) for __aeabi_dadd
    printfa.o(i._fp_digits) refers to dfixul.o(.text) for __aeabi_d2ulz
    printfa.o(i._fp_digits) refers to uldiv.o(.text) for __aeabi_uldivmod
    printfa.o(i._printf_core) refers (Special) to iusefp.o(.text) for __I$use$fp
    printfa.o(i._printf_core) refers to printfa.o(i._printf_pre_padding) for _printf_pre_padding
    printfa.o(i._printf_core) refers to uldiv.o(.text) for __aeabi_uldivmod
    printfa.o(i._printf_core) refers to printfa.o(i._printf_post_padding) for _printf_post_padding
    printfa.o(i._printf_core) refers to printfa.o(i._fp_digits) for _fp_digits
    printfa.o(i._printf_core) refers to uidiv.o(.text) for __aeabi_uidivmod
    printfa.o(i._printf_post_padding) refers (Special) to iusefp.o(.text) for __I$use$fp
    printfa.o(i._printf_pre_padding) refers (Special) to iusefp.o(.text) for __I$use$fp
    printfa.o(i._snputc) refers (Special) to iusefp.o(.text) for __I$use$fp
    printfa.o(i._sputc) refers (Special) to iusefp.o(.text) for __I$use$fp
    entry2.o(.ARM.Collect$$$$00000001) refers to entry2.o(.ARM.Collect$$$$00002712) for __lit__00000000
    entry2.o(.ARM.Collect$$$$00002712) refers to startup_stm32f10x_md.o(STACK) for __initial_sp
    entry2.o(__vectab_stack_and_reset_area) refers to startup_stm32f10x_md.o(STACK) for __initial_sp
    entry2.o(__vectab_stack_and_reset_area) refers to entry.o(.ARM.Collect$$$$00000000) for __main
    entry5.o(.ARM.Collect$$$$00000004) refers to init.o(.text) for __scatterload
    entry9a.o(.ARM.Collect$$$$0000000B) refers to main.o(.text) for main
    entry9b.o(.ARM.Collect$$$$0000000C) refers to main.o(.text) for main
    uldiv.o(.text) refers to llushr.o(.text) for __aeabi_llsr
    uldiv.o(.text) refers to llshl.o(.text) for __aeabi_llsl
    dadd.o(.text) refers to llshl.o(.text) for __aeabi_llsl
    dadd.o(.text) refers to llsshr.o(.text) for __aeabi_lasr
    dadd.o(.text) refers to depilogue.o(.text) for _double_epilogue
    dmul.o(.text) refers to depilogue.o(.text) for _double_epilogue
    ddiv.o(.text) refers to depilogue.o(.text) for _double_round
    dfixul.o(.text) refers to llushr.o(.text) for __aeabi_llsr
    dfixul.o(.text) refers to llshl.o(.text) for __aeabi_llsl
    init.o(.text) refers to entry5.o(.ARM.Collect$$$$00000004) for __main_after_scatterload
    depilogue.o(.text) refers to llshl.o(.text) for __aeabi_llsl
    depilogue.o(.text) refers to llushr.o(.text) for __aeabi_llsr


==============================================================================

Removing Unused input sections from the image.

    Removing utils.o(.emb_text), (6 bytes).
    Removing core_cm3.o(.emb_text), (32 bytes).
    Removing startup_stm32f10x_md.o(HEAP), (512 bytes).
    Removing stm32f10x_adc.o(.text), (904 bytes).
    Removing stm32f10x_bkp.o(.text), (156 bytes).
    Removing stm32f10x_can.o(.text), (1980 bytes).
    Removing stm32f10x_cec.o(.text), (252 bytes).
    Removing stm32f10x_crc.o(.text), (64 bytes).
    Removing stm32f10x_dac.o(.text), (284 bytes).
    Removing stm32f10x_dbgmcu.o(.text), (44 bytes).
    Removing stm32f10x_dma.o(.text), (488 bytes).
    Removing stm32f10x_exti.o(.text), (236 bytes).
    Removing stm32f10x_flash.o(.text), (1188 bytes).
    Removing stm32f10x_fsmc.o(.text), (1206 bytes).
    Removing stm32f10x_i2c.o(.text), (912 bytes).
    Removing stm32f10x_iwdg.o(.text), (60 bytes).
    Removing stm32f10x_pwr.o(.text), (172 bytes).
    Removing stm32f10x_rtc.o(.text), (276 bytes).
    Removing stm32f10x_sdio.o(.text), (432 bytes).
    Removing stm32f10x_spi.o(.text), (692 bytes).
    Removing stm32f10x_tim.o(.text), (3114 bytes).
    Removing stm32f10x_wwdg.o(.text), (128 bytes).

22 unused section(s) (total 13138 bytes) removed from the image.

==============================================================================

Image Symbol Table

    Local Symbols

    Symbol Name                              Value     Ov Type        Size  Object(Section)

    ../clib/microlib/division.c              0x00000000   Number         0  uidiv.o ABSOLUTE
    ../clib/microlib/division.c              0x00000000   Number         0  uldiv.o ABSOLUTE
    ../clib/microlib/init/entry.s            0x00000000   Number         0  entry11a.o ABSOLUTE
    ../clib/microlib/init/entry.s            0x00000000   Number         0  entry.o ABSOLUTE
    ../clib/microlib/init/entry.s            0x00000000   Number         0  entry2.o ABSOLUTE
    ../clib/microlib/init/entry.s            0x00000000   Number         0  entry7b.o ABSOLUTE
    ../clib/microlib/init/entry.s            0x00000000   Number         0  entry8b.o ABSOLUTE
    ../clib/microlib/init/entry.s            0x00000000   Number         0  entry8a.o ABSOLUTE
    ../clib/microlib/init/entry.s            0x00000000   Number         0  entry12b.o ABSOLUTE
    ../clib/microlib/init/entry.s            0x00000000   Number         0  entry12a.o ABSOLUTE
    ../clib/microlib/init/entry.s            0x00000000   Number         0  entry11b.o ABSOLUTE
    ../clib/microlib/init/entry.s            0x00000000   Number         0  entry7a.o ABSOLUTE
    ../clib/microlib/init/entry.s            0x00000000   Number         0  entry10b.o ABSOLUTE
    ../clib/microlib/init/entry.s            0x00000000   Number         0  entry10a.o ABSOLUTE
    ../clib/microlib/init/entry.s            0x00000000   Number         0  entry5.o ABSOLUTE
    ../clib/microlib/init/entry.s            0x00000000   Number         0  entry9b.o ABSOLUTE
    ../clib/microlib/init/entry.s            0x00000000   Number         0  entry9a.o ABSOLUTE
    ../clib/microlib/longlong.c              0x00000000   Number         0  llsshr.o ABSOLUTE
    ../clib/microlib/longlong.c              0x00000000   Number         0  llushr.o ABSOLUTE
    ../clib/microlib/longlong.c              0x00000000   Number         0  llshl.o ABSOLUTE
    ../clib/microlib/printf/printf.c         0x00000000   Number         0  printfa.o ABSOLUTE
    ../clib/microlib/stdio/streams.c         0x00000000   Number         0  stdout.o ABSOLUTE
    ../clib/microlib/stubs.s                 0x00000000   Number         0  iusefp.o ABSOLUTE
    ../fplib/microlib/fpadd.c                0x00000000   Number         0  dadd.o ABSOLUTE
    ../fplib/microlib/fpdiv.c                0x00000000   Number         0  ddiv.o ABSOLUTE
    ../fplib/microlib/fpepilogue.c           0x00000000   Number         0  depilogue.o ABSOLUTE
    ../fplib/microlib/fpfix.c                0x00000000   Number         0  dfixul.o ABSOLUTE
    ../fplib/microlib/fpmul.c                0x00000000   Number         0  dmul.o ABSOLUTE
    ..\CORE\core_cm3.c                       0x00000000   Number         0  core_cm3.o ABSOLUTE
    ..\CORE\startup_stm32f10x_md.s           0x00000000   Number         0  startup_stm32f10x_md.o ABSOLUTE
    ..\HARDWARE\LED\led.c                    0x00000000   Number         0  led.o ABSOLUTE
    ..\HARDWARE\USART1\usart1.c              0x00000000   Number         0  usart1.o ABSOLUTE
    ..\STM32F10x_FWLib\src\misc.c            0x00000000   Number         0  misc.o ABSOLUTE
    ..\STM32F10x_FWLib\src\stm32f10x_adc.c   0x00000000   Number         0  stm32f10x_adc.o ABSOLUTE
    ..\STM32F10x_FWLib\src\stm32f10x_bkp.c   0x00000000   Number         0  stm32f10x_bkp.o ABSOLUTE
    ..\STM32F10x_FWLib\src\stm32f10x_can.c   0x00000000   Number         0  stm32f10x_can.o ABSOLUTE
    ..\STM32F10x_FWLib\src\stm32f10x_cec.c   0x00000000   Number         0  stm32f10x_cec.o ABSOLUTE
    ..\STM32F10x_FWLib\src\stm32f10x_crc.c   0x00000000   Number         0  stm32f10x_crc.o ABSOLUTE
    ..\STM32F10x_FWLib\src\stm32f10x_dac.c   0x00000000   Number         0  stm32f10x_dac.o ABSOLUTE
    ..\STM32F10x_FWLib\src\stm32f10x_dbgmcu.c 0x00000000   Number         0  stm32f10x_dbgmcu.o ABSOLUTE
    ..\STM32F10x_FWLib\src\stm32f10x_dma.c   0x00000000   Number         0  stm32f10x_dma.o ABSOLUTE
    ..\STM32F10x_FWLib\src\stm32f10x_exti.c  0x00000000   Number         0  stm32f10x_exti.o ABSOLUTE
    ..\STM32F10x_FWLib\src\stm32f10x_flash.c 0x00000000   Number         0  stm32f10x_flash.o ABSOLUTE
    ..\STM32F10x_FWLib\src\stm32f10x_fsmc.c  0x00000000   Number         0  stm32f10x_fsmc.o ABSOLUTE
    ..\STM32F10x_FWLib\src\stm32f10x_gpio.c  0x00000000   Number         0  stm32f10x_gpio.o ABSOLUTE
    ..\STM32F10x_FWLib\src\stm32f10x_i2c.c   0x00000000   Number         0  stm32f10x_i2c.o ABSOLUTE
    ..\STM32F10x_FWLib\src\stm32f10x_iwdg.c  0x00000000   Number         0  stm32f10x_iwdg.o ABSOLUTE
    ..\STM32F10x_FWLib\src\stm32f10x_pwr.c   0x00000000   Number         0  stm32f10x_pwr.o ABSOLUTE
    ..\STM32F10x_FWLib\src\stm32f10x_rcc.c   0x00000000   Number         0  stm32f10x_rcc.o ABSOLUTE
    ..\STM32F10x_FWLib\src\stm32f10x_rtc.c   0x00000000   Number         0  stm32f10x_rtc.o ABSOLUTE
    ..\STM32F10x_FWLib\src\stm32f10x_sdio.c  0x00000000   Number         0  stm32f10x_sdio.o ABSOLUTE
    ..\STM32F10x_FWLib\src\stm32f10x_spi.c   0x00000000   Number         0  stm32f10x_spi.o ABSOLUTE
    ..\STM32F10x_FWLib\src\stm32f10x_tim.c   0x00000000   Number         0  stm32f10x_tim.o ABSOLUTE
    ..\STM32F10x_FWLib\src\stm32f10x_usart.c 0x00000000   Number         0  stm32f10x_usart.o ABSOLUTE
    ..\STM32F10x_FWLib\src\stm32f10x_wwdg.c  0x00000000   Number         0  stm32f10x_wwdg.o ABSOLUTE
    ..\\CORE\\core_cm3.c                     0x00000000   Number         0  core_cm3.o ABSOLUTE
    cdrcmple.s                               0x00000000   Number         0  cdrcmple.o ABSOLUTE
    dc.s                                     0x00000000   Number         0  dc.o ABSOLUTE
    handlers.s                               0x00000000   Number         0  handlers.o ABSOLUTE
    init.s                                   0x00000000   Number         0  init.o ABSOLUTE
    main.c                                   0x00000000   Number         0  main.o ABSOLUTE
    stm32f10x_it.c                           0x00000000   Number         0  stm32f10x_it.o ABSOLUTE
    system_stm32f10x.c                       0x00000000   Number         0  system_stm32f10x.o ABSOLUTE
    utils.c                                  0x00000000   Number         0  utils.o ABSOLUTE
    utils.c                                  0x00000000   Number         0  utils.o ABSOLUTE
    RESET                                    0x08000000   Section      236  startup_stm32f10x_md.o(RESET)
    .ARM.Collect$$$$00000000                 0x080000ec   Section        0  entry.o(.ARM.Collect$$$$00000000)
    .ARM.Collect$$$$00000001                 0x080000ec   Section        4  entry2.o(.ARM.Collect$$$$00000001)
    .ARM.Collect$$$$00000004                 0x080000f0   Section        4  entry5.o(.ARM.Collect$$$$00000004)
    .ARM.Collect$$$$00000008                 0x080000f4   Section        0  entry7b.o(.ARM.Collect$$$$00000008)
    .ARM.Collect$$$$0000000A                 0x080000f4   Section        0  entry8b.o(.ARM.Collect$$$$0000000A)
    .ARM.Collect$$$$0000000B                 0x080000f4   Section        8  entry9a.o(.ARM.Collect$$$$0000000B)
    .ARM.Collect$$$$0000000E                 0x080000fc   Section        4  entry12b.o(.ARM.Collect$$$$0000000E)
    .ARM.Collect$$$$0000000F                 0x08000100   Section        0  entry10a.o(.ARM.Collect$$$$0000000F)
    .ARM.Collect$$$$00000011                 0x08000100   Section        0  entry11a.o(.ARM.Collect$$$$00000011)
    .ARM.Collect$$$$00002712                 0x08000100   Section        4  entry2.o(.ARM.Collect$$$$00002712)
    __lit__00000000                          0x08000100   Data           4  entry2.o(.ARM.Collect$$$$00002712)
    .text                                    0x08000104   Section        0  main.o(.text)
    .text                                    0x0800014c   Section        0  utils.o(.text)
    .text                                    0x08000218   Section        0  stm32f10x_it.o(.text)
    .text                                    0x0800022c   Section        0  system_stm32f10x.o(.text)
    SetSysClockTo72                          0x0800022d   Thumb Code   166  system_stm32f10x.o(.text)
    SetSysClock                              0x080002d3   Thumb Code     2  system_stm32f10x.o(.text)
    .text                                    0x080003a0   Section        0  usart1.o(.text)
    .text                                    0x08000448   Section        0  led.o(.text)
    .text                                    0x080004c8   Section       36  startup_stm32f10x_md.o(.text)
    .text                                    0x080004ec   Section        0  misc.o(.text)
    .text                                    0x080005a4   Section        0  stm32f10x_gpio.o(.text)
    .text                                    0x0800083c   Section        0  stm32f10x_rcc.o(.text)
    .text                                    0x08000b30   Section        0  stm32f10x_usart.o(.text)
    .text                                    0x08000ecc   Section        0  uidiv.o(.text)
    .text                                    0x08000ef8   Section        0  uldiv.o(.text)
    .text                                    0x08000f5a   Section        0  dadd.o(.text)
    .text                                    0x08000f5a   Section        0  iusefp.o(.text)
    .text                                    0x080010a8   Section        0  dmul.o(.text)
    .text                                    0x0800118c   Section        0  ddiv.o(.text)
    .text                                    0x0800126a   Section        0  dfixul.o(.text)
    .text                                    0x0800129c   Section       48  cdrcmple.o(.text)
    .text                                    0x080012cc   Section       36  init.o(.text)
    .text                                    0x080012f0   Section        0  llshl.o(.text)
    .text                                    0x0800130e   Section        0  llushr.o(.text)
    .text                                    0x0800132e   Section        0  llsshr.o(.text)
    .text                                    0x08001352   Section        0  depilogue.o(.text)
    i.__0vprintf                             0x0800140c   Section        0  printfa.o(i.__0vprintf)
    i.__scatterload_copy                     0x0800141c   Section       14  handlers.o(i.__scatterload_copy)
    i.__scatterload_null                     0x0800142a   Section        2  handlers.o(i.__scatterload_null)
    i.__scatterload_zeroinit                 0x0800142c   Section       14  handlers.o(i.__scatterload_zeroinit)
    i._fp_digits                             0x0800143c   Section        0  printfa.o(i._fp_digits)
    _fp_digits                               0x0800143d   Thumb Code   366  printfa.o(i._fp_digits)
    i._printf_core                           0x080015c0   Section        0  printfa.o(i._printf_core)
    _printf_core                             0x080015c1   Thumb Code  1704  printfa.o(i._printf_core)
    i._printf_post_padding                   0x08001c74   Section        0  printfa.o(i._printf_post_padding)
    _printf_post_padding                     0x08001c75   Thumb Code    36  printfa.o(i._printf_post_padding)
    i._printf_pre_padding                    0x08001c98   Section        0  printfa.o(i._printf_pre_padding)
    _printf_pre_padding                      0x08001c99   Thumb Code    46  printfa.o(i._printf_pre_padding)
    .data                                    0x20000000   Section        4  utils.o(.data)
    fac_us                                   0x20000000   Data           1  utils.o(.data)
    fac_ms                                   0x20000002   Data           2  utils.o(.data)
    .data                                    0x20000004   Section       20  system_stm32f10x.o(.data)
    .data                                    0x20000018   Section        1  led.o(.data)
    flag                                     0x20000018   Data           1  led.o(.data)
    .data                                    0x20000019   Section       20  stm32f10x_rcc.o(.data)
    ADCPrescTable                            0x20000019   Data           4  stm32f10x_rcc.o(.data)
    APBAHBPrescTable                         0x2000001d   Data          16  stm32f10x_rcc.o(.data)
    .data                                    0x20000030   Section        4  stdout.o(.data)
    .bss                                     0x20000034   Section       12  led.o(.bss)
    STACK                                    0x20000040   Section     1024  startup_stm32f10x_md.o(STACK)

    Global Symbols

    Symbol Name                              Value     Ov Type        Size  Object(Section)

    BuildAttributes$$THM_ISAv4$P$D$K$B$S$PE$A:L22UL41UL21$X:L11$S22US41US21$IEEE1$IW$USESV6$~STKCKD$USESV7$~SHL$OSPACE$ROPI$EBA8$MICROLIB$REQ8$PRES8$EABIv2 0x00000000   Number         0  anon$$obj.o ABSOLUTE
    __ARM_use_no_argv                        0x00000000   Number         0  main.o ABSOLUTE
    __arm_fini_                               - Undefined Weak Reference
    __cpp_initialize__aeabi_                  - Undefined Weak Reference
    __cxa_finalize                            - Undefined Weak Reference
    __decompress                              - Undefined Weak Reference
    _clock_init                               - Undefined Weak Reference
    _microlib_exit                            - Undefined Weak Reference
    __Vectors_Size                           0x000000ec   Number         0  startup_stm32f10x_md.o ABSOLUTE
    __Vectors                                0x08000000   Data           4  startup_stm32f10x_md.o(RESET)
    __Vectors_End                            0x080000ec   Data           0  startup_stm32f10x_md.o(RESET)
    __main                                   0x080000ed   Thumb Code     0  entry.o(.ARM.Collect$$$$00000000)
    _main_stk                                0x080000ed   Thumb Code     0  entry2.o(.ARM.Collect$$$$00000001)
    _main_scatterload                        0x080000f1   Thumb Code     0  entry5.o(.ARM.Collect$$$$00000004)
    __main_after_scatterload                 0x080000f5   Thumb Code     0  entry5.o(.ARM.Collect$$$$00000004)
    _main_clock                              0x080000f5   Thumb Code     0  entry7b.o(.ARM.Collect$$$$00000008)
    _main_cpp_init                           0x080000f5   Thumb Code     0  entry8b.o(.ARM.Collect$$$$0000000A)
    _main_init                               0x080000f5   Thumb Code     0  entry9a.o(.ARM.Collect$$$$0000000B)
    __rt_lib_shutdown_fini                   0x080000fd   Thumb Code     0  entry12b.o(.ARM.Collect$$$$0000000E)
    __rt_final_cpp                           0x08000101   Thumb Code     0  entry10a.o(.ARM.Collect$$$$0000000F)
    __rt_final_exit                          0x08000101   Thumb Code     0  entry11a.o(.ARM.Collect$$$$00000011)
    main                                     0x08000105   Thumb Code    48  main.o(.text)
    WFI_SET                                  0x0800014d   Thumb Code     4  utils.o(.text)
    INTX_DISABLE                             0x08000151   Thumb Code     4  utils.o(.text)
    INTX_ENABLE                              0x08000155   Thumb Code     4  utils.o(.text)
    fputc                                    0x08000159   Thumb Code    18  utils.o(.text)
    app_printf                               0x0800016b   Thumb Code    18  utils.o(.text)
    delay_init                               0x0800017d   Thumb Code    46  utils.o(.text)
    delay_us                                 0x080001ab   Thumb Code    46  utils.o(.text)
    delay_ms                                 0x080001d9   Thumb Code    46  utils.o(.text)
    NMI_Handler                              0x08000219   Thumb Code     2  stm32f10x_it.o(.text)
    HardFault_Handler                        0x0800021b   Thumb Code     2  stm32f10x_it.o(.text)
    MemManage_Handler                        0x0800021d   Thumb Code     2  stm32f10x_it.o(.text)
    BusFault_Handler                         0x0800021f   Thumb Code     2  stm32f10x_it.o(.text)
    UsageFault_Handler                       0x08000221   Thumb Code     2  stm32f10x_it.o(.text)
    SVC_Handler                              0x08000223   Thumb Code     2  stm32f10x_it.o(.text)
    DebugMon_Handler                         0x08000225   Thumb Code     2  stm32f10x_it.o(.text)
    PendSV_Handler                           0x08000227   Thumb Code     2  stm32f10x_it.o(.text)
    SysTick_Handler                          0x08000229   Thumb Code     2  stm32f10x_it.o(.text)
    SystemInit                               0x080002d5   Thumb Code    64  system_stm32f10x.o(.text)
    SystemCoreClockUpdate                    0x08000315   Thumb Code   106  system_stm32f10x.o(.text)
    usart1_init                              0x080003a1   Thumb Code   114  usart1.o(.text)
    usart1_enable_it                         0x08000413   Thumb Code    44  usart1.o(.text)
    USART1_IRQHandler                        0x0800043f   Thumb Code     2  usart1.o(.text)
    led0_toggle                              0x08000449   Thumb Code    32  led.o(.text)
    led0_off                                 0x08000469   Thumb Code     8  led.o(.text)
    led0_on                                  0x08000471   Thumb Code     8  led.o(.text)
    led0_init                                0x08000479   Thumb Code    66  led.o(.text)
    led_init                                 0x080004bb   Thumb Code     2  led.o(.text)
    Reset_Handler                            0x080004c9   Thumb Code     8  startup_stm32f10x_md.o(.text)
    delay_Handler                            0x080004e1   Thumb Code     2  startup_stm32f10x_md.o(.text)
    ADC1_2_IRQHandler                        0x080004e3   Thumb Code     0  startup_stm32f10x_md.o(.text)
    CAN1_RX1_IRQHandler                      0x080004e3   Thumb Code     0  startup_stm32f10x_md.o(.text)
    CAN1_SCE_IRQHandler                      0x080004e3   Thumb Code     0  startup_stm32f10x_md.o(.text)
    DMA1_Channel1_IRQHandler                 0x080004e3   Thumb Code     0  startup_stm32f10x_md.o(.text)
    DMA1_Channel2_IRQHandler                 0x080004e3   Thumb Code     0  startup_stm32f10x_md.o(.text)
    DMA1_Channel3_IRQHandler                 0x080004e3   Thumb Code     0  startup_stm32f10x_md.o(.text)
    DMA1_Channel4_IRQHandler                 0x080004e3   Thumb Code     0  startup_stm32f10x_md.o(.text)
    DMA1_Channel5_IRQHandler                 0x080004e3   Thumb Code     0  startup_stm32f10x_md.o(.text)
    DMA1_Channel6_IRQHandler                 0x080004e3   Thumb Code     0  startup_stm32f10x_md.o(.text)
    DMA1_Channel7_IRQHandler                 0x080004e3   Thumb Code     0  startup_stm32f10x_md.o(.text)
    EXTI0_IRQHandler                         0x080004e3   Thumb Code     0  startup_stm32f10x_md.o(.text)
    EXTI15_10_IRQHandler                     0x080004e3   Thumb Code     0  startup_stm32f10x_md.o(.text)
    EXTI1_IRQHandler                         0x080004e3   Thumb Code     0  startup_stm32f10x_md.o(.text)
    EXTI2_IRQHandler                         0x080004e3   Thumb Code     0  startup_stm32f10x_md.o(.text)
    EXTI3_IRQHandler                         0x080004e3   Thumb Code     0  startup_stm32f10x_md.o(.text)
    EXTI4_IRQHandler                         0x080004e3   Thumb Code     0  startup_stm32f10x_md.o(.text)
    EXTI9_5_IRQHandler                       0x080004e3   Thumb Code     0  startup_stm32f10x_md.o(.text)
    FLASH_IRQHandler                         0x080004e3   Thumb Code     0  startup_stm32f10x_md.o(.text)
    I2C1_ER_IRQHandler                       0x080004e3   Thumb Code     0  startup_stm32f10x_md.o(.text)
    I2C1_EV_IRQHandler                       0x080004e3   Thumb Code     0  startup_stm32f10x_md.o(.text)
    I2C2_ER_IRQHandler                       0x080004e3   Thumb Code     0  startup_stm32f10x_md.o(.text)
    I2C2_EV_IRQHandler                       0x080004e3   Thumb Code     0  startup_stm32f10x_md.o(.text)
    PVD_IRQHandler                           0x080004e3   Thumb Code     0  startup_stm32f10x_md.o(.text)
    RCC_IRQHandler                           0x080004e3   Thumb Code     0  startup_stm32f10x_md.o(.text)
    RTCAlarm_IRQHandler                      0x080004e3   Thumb Code     0  startup_stm32f10x_md.o(.text)
    RTC_IRQHandler                           0x080004e3   Thumb Code     0  startup_stm32f10x_md.o(.text)
    SPI1_IRQHandler                          0x080004e3   Thumb Code     0  startup_stm32f10x_md.o(.text)
    SPI2_IRQHandler                          0x080004e3   Thumb Code     0  startup_stm32f10x_md.o(.text)
    TAMPER_IRQHandler                        0x080004e3   Thumb Code     0  startup_stm32f10x_md.o(.text)
    TIM1_BRK_IRQHandler                      0x080004e3   Thumb Code     0  startup_stm32f10x_md.o(.text)
    TIM1_CC_IRQHandler                       0x080004e3   Thumb Code     0  startup_stm32f10x_md.o(.text)
    TIM1_TRG_COM_IRQHandler                  0x080004e3   Thumb Code     0  startup_stm32f10x_md.o(.text)
    TIM1_UP_IRQHandler                       0x080004e3   Thumb Code     0  startup_stm32f10x_md.o(.text)
    TIM2_IRQHandler                          0x080004e3   Thumb Code     0  startup_stm32f10x_md.o(.text)
    TIM3_IRQHandler                          0x080004e3   Thumb Code     0  startup_stm32f10x_md.o(.text)
    TIM4_IRQHandler                          0x080004e3   Thumb Code     0  startup_stm32f10x_md.o(.text)
    USART2_IRQHandler                        0x080004e3   Thumb Code     0  startup_stm32f10x_md.o(.text)
    USART3_IRQHandler                        0x080004e3   Thumb Code     0  startup_stm32f10x_md.o(.text)
    USBWakeUp_IRQHandler                     0x080004e3   Thumb Code     0  startup_stm32f10x_md.o(.text)
    USB_HP_CAN1_TX_IRQHandler                0x080004e3   Thumb Code     0  startup_stm32f10x_md.o(.text)
    USB_LP_CAN1_RX0_IRQHandler               0x080004e3   Thumb Code     0  startup_stm32f10x_md.o(.text)
    WWDG_IRQHandler                          0x080004e3   Thumb Code     0  startup_stm32f10x_md.o(.text)
    NVIC_PriorityGroupConfig                 0x080004ed   Thumb Code    10  misc.o(.text)
    NVIC_Init                                0x080004f7   Thumb Code    96  misc.o(.text)
    NVIC_SetVectorTable                      0x08000557   Thumb Code    14  misc.o(.text)
    NVIC_SystemLPConfig                      0x08000565   Thumb Code    24  misc.o(.text)
    SysTick_CLKSourceConfig                  0x0800057d   Thumb Code    28  misc.o(.text)
    GPIO_DeInit                              0x080005a5   Thumb Code   188  stm32f10x_gpio.o(.text)
    GPIO_AFIODeInit                          0x08000661   Thumb Code    22  stm32f10x_gpio.o(.text)
    GPIO_Init                                0x08000677   Thumb Code   166  stm32f10x_gpio.o(.text)
    GPIO_StructInit                          0x0800071d   Thumb Code    16  stm32f10x_gpio.o(.text)
    GPIO_ReadInputDataBit                    0x0800072d   Thumb Code    14  stm32f10x_gpio.o(.text)
    GPIO_ReadInputData                       0x0800073b   Thumb Code     6  stm32f10x_gpio.o(.text)
    GPIO_ReadOutputDataBit                   0x08000741   Thumb Code    14  stm32f10x_gpio.o(.text)
    GPIO_ReadOutputData                      0x0800074f   Thumb Code     6  stm32f10x_gpio.o(.text)
    GPIO_SetBits                             0x08000755   Thumb Code     4  stm32f10x_gpio.o(.text)
    GPIO_ResetBits                           0x08000759   Thumb Code     4  stm32f10x_gpio.o(.text)
    GPIO_WriteBit                            0x0800075d   Thumb Code    12  stm32f10x_gpio.o(.text)
    GPIO_Write                               0x08000769   Thumb Code     4  stm32f10x_gpio.o(.text)
    GPIO_PinLockConfig                       0x0800076d   Thumb Code    16  stm32f10x_gpio.o(.text)
    GPIO_EventOutputConfig                   0x0800077d   Thumb Code    22  stm32f10x_gpio.o(.text)
    GPIO_EventOutputCmd                      0x08000793   Thumb Code     6  stm32f10x_gpio.o(.text)
    GPIO_PinRemapConfig                      0x08000799   Thumb Code    86  stm32f10x_gpio.o(.text)
    GPIO_EXTILineConfig                      0x080007ef   Thumb Code    34  stm32f10x_gpio.o(.text)
    GPIO_ETH_MediaInterfaceConfig            0x08000811   Thumb Code     8  stm32f10x_gpio.o(.text)
    RCC_DeInit                               0x0800083d   Thumb Code    50  stm32f10x_rcc.o(.text)
    RCC_HSEConfig                            0x0800086f   Thumb Code    50  stm32f10x_rcc.o(.text)
    RCC_GetFlagStatus                        0x080008a1   Thumb Code    42  stm32f10x_rcc.o(.text)
    RCC_WaitForHSEStartUp                    0x080008cb   Thumb Code    48  stm32f10x_rcc.o(.text)
    RCC_AdjustHSICalibrationValue            0x080008fb   Thumb Code    16  stm32f10x_rcc.o(.text)
    RCC_HSICmd                               0x0800090b   Thumb Code     6  stm32f10x_rcc.o(.text)
    RCC_PLLConfig                            0x08000911   Thumb Code    16  stm32f10x_rcc.o(.text)
    RCC_PLLCmd                               0x08000921   Thumb Code     6  stm32f10x_rcc.o(.text)
    RCC_SYSCLKConfig                         0x08000927   Thumb Code    14  stm32f10x_rcc.o(.text)
    RCC_GetSYSCLKSource                      0x08000935   Thumb Code    10  stm32f10x_rcc.o(.text)
    RCC_HCLKConfig                           0x0800093f   Thumb Code    14  stm32f10x_rcc.o(.text)
    RCC_PCLK1Config                          0x0800094d   Thumb Code    14  stm32f10x_rcc.o(.text)
    RCC_PCLK2Config                          0x0800095b   Thumb Code    16  stm32f10x_rcc.o(.text)
    RCC_ITConfig                             0x0800096b   Thumb Code    22  stm32f10x_rcc.o(.text)
    RCC_USBCLKConfig                         0x08000981   Thumb Code     8  stm32f10x_rcc.o(.text)
    RCC_ADCCLKConfig                         0x08000989   Thumb Code    14  stm32f10x_rcc.o(.text)
    RCC_LSEConfig                            0x08000997   Thumb Code    36  stm32f10x_rcc.o(.text)
    RCC_LSICmd                               0x080009bb   Thumb Code     6  stm32f10x_rcc.o(.text)
    RCC_RTCCLKConfig                         0x080009c1   Thumb Code    10  stm32f10x_rcc.o(.text)
    RCC_RTCCLKCmd                            0x080009cb   Thumb Code     8  stm32f10x_rcc.o(.text)
    RCC_GetClocksFreq                        0x080009d3   Thumb Code   154  stm32f10x_rcc.o(.text)
    RCC_AHBPeriphClockCmd                    0x08000a6d   Thumb Code    22  stm32f10x_rcc.o(.text)
    RCC_APB2PeriphClockCmd                   0x08000a83   Thumb Code    22  stm32f10x_rcc.o(.text)
    RCC_APB1PeriphClockCmd                   0x08000a99   Thumb Code    22  stm32f10x_rcc.o(.text)
    RCC_APB2PeriphResetCmd                   0x08000aaf   Thumb Code    22  stm32f10x_rcc.o(.text)
    RCC_APB1PeriphResetCmd                   0x08000ac5   Thumb Code    22  stm32f10x_rcc.o(.text)
    RCC_BackupResetCmd                       0x08000adb   Thumb Code     8  stm32f10x_rcc.o(.text)
    RCC_ClockSecuritySystemCmd               0x08000ae3   Thumb Code     6  stm32f10x_rcc.o(.text)
    RCC_MCOConfig                            0x08000ae9   Thumb Code     6  stm32f10x_rcc.o(.text)
    RCC_ClearFlag                            0x08000aef   Thumb Code    12  stm32f10x_rcc.o(.text)
    RCC_GetITStatus                          0x08000afb   Thumb Code    16  stm32f10x_rcc.o(.text)
    RCC_ClearITPendingBit                    0x08000b0b   Thumb Code     6  stm32f10x_rcc.o(.text)
    USART_DeInit                             0x08000b31   Thumb Code   144  stm32f10x_usart.o(.text)
    USART_Init                               0x08000bc1   Thumb Code   182  stm32f10x_usart.o(.text)
    USART_StructInit                         0x08000c77   Thumb Code    22  stm32f10x_usart.o(.text)
    USART_ClockInit                          0x08000c8d   Thumb Code    30  stm32f10x_usart.o(.text)
    USART_ClockStructInit                    0x08000cab   Thumb Code    12  stm32f10x_usart.o(.text)
    USART_Cmd                                0x08000cb7   Thumb Code    24  stm32f10x_usart.o(.text)
    USART_ITConfig                           0x08000ccf   Thumb Code    54  stm32f10x_usart.o(.text)
    USART_DMACmd                             0x08000d05   Thumb Code    20  stm32f10x_usart.o(.text)
    USART_SetAddress                         0x08000d19   Thumb Code    16  stm32f10x_usart.o(.text)
    USART_WakeUpConfig                       0x08000d29   Thumb Code    16  stm32f10x_usart.o(.text)
    USART_ReceiverWakeUpCmd                  0x08000d39   Thumb Code    24  stm32f10x_usart.o(.text)
    USART_LINBreakDetectLengthConfig         0x08000d51   Thumb Code    16  stm32f10x_usart.o(.text)
    USART_LINCmd                             0x08000d61   Thumb Code    24  stm32f10x_usart.o(.text)
    USART_SendData                           0x08000d79   Thumb Code     8  stm32f10x_usart.o(.text)
    USART_ReceiveData                        0x08000d81   Thumb Code     8  stm32f10x_usart.o(.text)
    USART_SendBreak                          0x08000d89   Thumb Code    10  stm32f10x_usart.o(.text)
    USART_SetGuardTime                       0x08000d93   Thumb Code    16  stm32f10x_usart.o(.text)
    USART_SetPrescaler                       0x08000da3   Thumb Code    16  stm32f10x_usart.o(.text)
    USART_SmartCardCmd                       0x08000db3   Thumb Code    24  stm32f10x_usart.o(.text)
    USART_SmartCardNACKCmd                   0x08000dcb   Thumb Code    24  stm32f10x_usart.o(.text)
    USART_HalfDuplexCmd                      0x08000de3   Thumb Code    24  stm32f10x_usart.o(.text)
    USART_OverSampling8Cmd                   0x08000dfb   Thumb Code    24  stm32f10x_usart.o(.text)
    USART_OneBitMethodCmd                    0x08000e13   Thumb Code    24  stm32f10x_usart.o(.text)
    USART_IrDAConfig                         0x08000e2b   Thumb Code    16  stm32f10x_usart.o(.text)
    USART_IrDACmd                            0x08000e3b   Thumb Code    24  stm32f10x_usart.o(.text)
    USART_GetFlagStatus                      0x08000e53   Thumb Code    14  stm32f10x_usart.o(.text)
    USART_ClearFlag                          0x08000e61   Thumb Code     8  stm32f10x_usart.o(.text)
    USART_GetITStatus                        0x08000e69   Thumb Code    64  stm32f10x_usart.o(.text)
    USART_ClearITPendingBit                  0x08000ea9   Thumb Code    16  stm32f10x_usart.o(.text)
    __aeabi_uidiv                            0x08000ecd   Thumb Code     0  uidiv.o(.text)
    __aeabi_uidivmod                         0x08000ecd   Thumb Code    44  uidiv.o(.text)
    __aeabi_uldivmod                         0x08000ef9   Thumb Code    98  uldiv.o(.text)
    __I$use$fp                               0x08000f5b   Thumb Code     0  iusefp.o(.text)
    __aeabi_dadd                             0x08000f5b   Thumb Code   322  dadd.o(.text)
    __aeabi_dsub                             0x0800109d   Thumb Code     6  dadd.o(.text)
    __aeabi_drsub                            0x080010a3   Thumb Code     6  dadd.o(.text)
    __aeabi_dmul                             0x080010a9   Thumb Code   228  dmul.o(.text)
    __aeabi_ddiv                             0x0800118d   Thumb Code   222  ddiv.o(.text)
    __aeabi_d2ulz                            0x0800126b   Thumb Code    48  dfixul.o(.text)
    __aeabi_cdrcmple                         0x0800129d   Thumb Code    48  cdrcmple.o(.text)
    __scatterload                            0x080012cd   Thumb Code    28  init.o(.text)
    __scatterload_rt2                        0x080012cd   Thumb Code     0  init.o(.text)
    __aeabi_llsl                             0x080012f1   Thumb Code    30  llshl.o(.text)
    _ll_shift_l                              0x080012f1   Thumb Code     0  llshl.o(.text)
    __aeabi_llsr                             0x0800130f   Thumb Code    32  llushr.o(.text)
    _ll_ushift_r                             0x0800130f   Thumb Code     0  llushr.o(.text)
    __aeabi_lasr                             0x0800132f   Thumb Code    36  llsshr.o(.text)
    _ll_sshift_r                             0x0800132f   Thumb Code     0  llsshr.o(.text)
    _double_round                            0x08001353   Thumb Code    30  depilogue.o(.text)
    _double_epilogue                         0x08001371   Thumb Code   156  depilogue.o(.text)
    __0vprintf                               0x0800140d   Thumb Code     8  printfa.o(i.__0vprintf)
    __1vprintf                               0x0800140d   Thumb Code     0  printfa.o(i.__0vprintf)
    __2vprintf                               0x0800140d   Thumb Code     0  printfa.o(i.__0vprintf)
    __c89vprintf                             0x0800140d   Thumb Code     0  printfa.o(i.__0vprintf)
    vprintf                                  0x0800140d   Thumb Code     0  printfa.o(i.__0vprintf)
    __scatterload_copy                       0x0800141d   Thumb Code    14  handlers.o(i.__scatterload_copy)
    __scatterload_null                       0x0800142b   Thumb Code     2  handlers.o(i.__scatterload_null)
    __scatterload_zeroinit                   0x0800142d   Thumb Code    14  handlers.o(i.__scatterload_zeroinit)
    Region$$Table$$Base                      0x08001cc8   Number         0  anon$$obj.o(Region$$Table)
    Region$$Table$$Limit                     0x08001ce8   Number         0  anon$$obj.o(Region$$Table)
    SystemCoreClock                          0x20000004   Data           4  system_stm32f10x.o(.data)
    AHBPrescTable                            0x20000008   Data          16  system_stm32f10x.o(.data)
    __stdout                                 0x20000030   Data           4  stdout.o(.data)
    led0_ctrl                                0x20000034   Data          12  led.o(.bss)
    __initial_sp                             0x20000440   Data           0  startup_stm32f10x_md.o(STACK)



==============================================================================

Memory Map of the image

  Image Entry point : 0x080000ed

  Load Region LR_IROM1 (Base: 0x08000000, Size: 0x00001d1c, Max: 0x00010000, ABSOLUTE)

    Execution Region ER_IROM1 (Exec base: 0x08000000, Load base: 0x08000000, Size: 0x00001ce8, Max: 0x00010000, ABSOLUTE)

    Exec Addr    Load Addr    Size         Type   Attr      Idx    E Section Name        Object

    0x08000000   0x08000000   0x000000ec   Data   RO          242    RESET               startup_stm32f10x_md.o
    0x080000ec   0x080000ec   0x00000000   Code   RO          525  * .ARM.Collect$$$$00000000  mc_w.l(entry.o)
    0x080000ec   0x080000ec   0x00000004   Code   RO          556    .ARM.Collect$$$$00000001  mc_w.l(entry2.o)
    0x080000f0   0x080000f0   0x00000004   Code   RO          559    .ARM.Collect$$$$00000004  mc_w.l(entry5.o)
    0x080000f4   0x080000f4   0x00000000   Code   RO          561    .ARM.Collect$$$$00000008  mc_w.l(entry7b.o)
    0x080000f4   0x080000f4   0x00000000   Code   RO          563    .ARM.Collect$$$$0000000A  mc_w.l(entry8b.o)
    0x080000f4   0x080000f4   0x00000008   Code   RO          564    .ARM.Collect$$$$0000000B  mc_w.l(entry9a.o)
    0x080000fc   0x080000fc   0x00000004   Code   RO          571    .ARM.Collect$$$$0000000E  mc_w.l(entry12b.o)
    0x08000100   0x08000100   0x00000000   Code   RO          566    .ARM.Collect$$$$0000000F  mc_w.l(entry10a.o)
    0x08000100   0x08000100   0x00000000   Code   RO          568    .ARM.Collect$$$$00000011  mc_w.l(entry11a.o)
    0x08000100   0x08000100   0x00000004   Code   RO          557    .ARM.Collect$$$$00002712  mc_w.l(entry2.o)
    0x08000104   0x08000104   0x00000048   Code   RO            1    .text               main.o
    0x0800014c   0x0800014c   0x000000cc   Code   RO          119    .text               utils.o
    0x08000218   0x08000218   0x00000012   Code   RO          166    .text               stm32f10x_it.o
    0x0800022a   0x0800022a   0x00000002   PAD
    0x0800022c   0x0800022c   0x00000174   Code   RO          181    .text               system_stm32f10x.o
    0x080003a0   0x080003a0   0x000000a8   Code   RO          199    .text               usart1.o
    0x08000448   0x08000448   0x00000080   Code   RO          211    .text               led.o
    0x080004c8   0x080004c8   0x00000024   Code   RO          243    .text               startup_stm32f10x_md.o
    0x080004ec   0x080004ec   0x000000b8   Code   RO          247    .text               misc.o
    0x080005a4   0x080005a4   0x00000298   Code   RO          391    .text               stm32f10x_gpio.o
    0x0800083c   0x0800083c   0x000002f4   Code   RO          439    .text               stm32f10x_rcc.o
    0x08000b30   0x08000b30   0x0000039c   Code   RO          501    .text               stm32f10x_usart.o
    0x08000ecc   0x08000ecc   0x0000002c   Code   RO          573    .text               mc_w.l(uidiv.o)
    0x08000ef8   0x08000ef8   0x00000062   Code   RO          575    .text               mc_w.l(uldiv.o)
    0x08000f5a   0x08000f5a   0x00000000   Code   RO          577    .text               mc_w.l(iusefp.o)
    0x08000f5a   0x08000f5a   0x0000014e   Code   RO          578    .text               mf_w.l(dadd.o)
    0x080010a8   0x080010a8   0x000000e4   Code   RO          580    .text               mf_w.l(dmul.o)
    0x0800118c   0x0800118c   0x000000de   Code   RO          582    .text               mf_w.l(ddiv.o)
    0x0800126a   0x0800126a   0x00000030   Code   RO          584    .text               mf_w.l(dfixul.o)
    0x0800129a   0x0800129a   0x00000002   PAD
    0x0800129c   0x0800129c   0x00000030   Code   RO          586    .text               mf_w.l(cdrcmple.o)
    0x080012cc   0x080012cc   0x00000024   Code   RO          588    .text               mc_w.l(init.o)
    0x080012f0   0x080012f0   0x0000001e   Code   RO          590    .text               mc_w.l(llshl.o)
    0x0800130e   0x0800130e   0x00000020   Code   RO          592    .text               mc_w.l(llushr.o)
    0x0800132e   0x0800132e   0x00000024   Code   RO          594    .text               mc_w.l(llsshr.o)
    0x08001352   0x08001352   0x000000ba   Code   RO          596    .text               mf_w.l(depilogue.o)
    0x0800140c   0x0800140c   0x00000010   Code   RO          533    i.__0vprintf        mc_w.l(printfa.o)
    0x0800141c   0x0800141c   0x0000000e   Code   RO          600    i.__scatterload_copy  mc_w.l(handlers.o)
    0x0800142a   0x0800142a   0x00000002   Code   RO          601    i.__scatterload_null  mc_w.l(handlers.o)
    0x0800142c   0x0800142c   0x0000000e   Code   RO          602    i.__scatterload_zeroinit  mc_w.l(handlers.o)
    0x0800143a   0x0800143a   0x00000002   PAD
    0x0800143c   0x0800143c   0x00000184   Code   RO          536    i._fp_digits        mc_w.l(printfa.o)
    0x080015c0   0x080015c0   0x000006b4   Code   RO          537    i._printf_core      mc_w.l(printfa.o)
    0x08001c74   0x08001c74   0x00000024   Code   RO          538    i._printf_post_padding  mc_w.l(printfa.o)
    0x08001c98   0x08001c98   0x0000002e   Code   RO          539    i._printf_pre_padding  mc_w.l(printfa.o)
    0x08001cc6   0x08001cc6   0x00000002   PAD
    0x08001cc8   0x08001cc8   0x00000020   Data   RO          598    Region$$Table       anon$$obj.o


    Execution Region RW_IRAM1 (Exec base: 0x20000000, Load base: 0x08001ce8, Size: 0x00000440, Max: 0x00005000, ABSOLUTE)

    Exec Addr    Load Addr    Size         Type   Attr      Idx    E Section Name        Object

    0x20000000   0x08001ce8   0x00000004   Data   RW          120    .data               utils.o
    0x20000004   0x08001cec   0x00000014   Data   RW          182    .data               system_stm32f10x.o
    0x20000018   0x08001d00   0x00000001   Data   RW          213    .data               led.o
    0x20000019   0x08001d01   0x00000014   Data   RW          440    .data               stm32f10x_rcc.o
    0x2000002d   0x08001d15   0x00000003   PAD
    0x20000030   0x08001d18   0x00000004   Data   RW          572    .data               mc_w.l(stdout.o)
    0x20000034        -       0x0000000c   Zero   RW          212    .bss                led.o
    0x20000040        -       0x00000400   Zero   RW          240    STACK               startup_stm32f10x_md.o


==============================================================================

Image component sizes


      Code (inc. data)   RO Data    RW Data    ZI Data      Debug   Object Name

       128         12          0          1         12       1546   led.o
        72         24          0          0          0     231391   main.o
       184         12          0          0          0       1925   misc.o
        36          8        236          0       1024        780   startup_stm32f10x_md.o
       664         36          0          0          0       6213   stm32f10x_gpio.o
        18          0          0          0          0       1158   stm32f10x_it.o
       756         32          0         20          0       9336   stm32f10x_rcc.o
       924         20          0          0          0       9172   stm32f10x_usart.o
       372         34          0         20          0       1759   system_stm32f10x.o
       168          8          0          0          0        965   usart1.o
       204         18          0          4          0     205157   utils.o

    ----------------------------------------------------------------------
      3528        204        268         48       1036     469402   Object Totals
         0          0         32          0          0          0   (incl. Generated)
         2          0          0          3          0          0   (incl. Padding)

    ----------------------------------------------------------------------

      Code (inc. data)   RO Data    RW Data    ZI Data      Debug   Library Member Name

         0          0          0          0          0          0   entry.o
         0          0          0          0          0          0   entry10a.o
         0          0          0          0          0          0   entry11a.o
         4          0          0          0          0          0   entry12b.o
         8          4          0          0          0          0   entry2.o
         4          0          0          0          0          0   entry5.o
         0          0          0          0          0          0   entry7b.o
         0          0          0          0          0          0   entry8b.o
         8          4          0          0          0          0   entry9a.o
        30          0          0          0          0          0   handlers.o
        36          8          0          0          0         68   init.o
         0          0          0          0          0          0   iusefp.o
        30          0          0          0          0         68   llshl.o
        36          0          0          0          0         68   llsshr.o
        32          0          0          0          0         68   llushr.o
      2202         88          0          0          0        448   printfa.o
         0          0          0          4          0          0   stdout.o
        44          0          0          0          0         80   uidiv.o
        98          0          0          0          0         92   uldiv.o
        48          0          0          0          0         68   cdrcmple.o
       334          0          0          0          0        148   dadd.o
       222          0          0          0          0        100   ddiv.o
       186          0          0          0          0        176   depilogue.o
        48          0          0          0          0         68   dfixul.o
       228          0          0          0          0         96   dmul.o

    ----------------------------------------------------------------------
      3604        104          0          4          0       1548   Library Totals
         6          0          0          0          0          0   (incl. Padding)

    ----------------------------------------------------------------------

      Code (inc. data)   RO Data    RW Data    ZI Data      Debug   Library Name

      2532        104          0          4          0        892   mc_w.l
      1066          0          0          0          0        656   mf_w.l

    ----------------------------------------------------------------------
      3604        104          0          4          0       1548   Library Totals

    ----------------------------------------------------------------------

==============================================================================


      Code (inc. data)   RO Data    RW Data    ZI Data      Debug   

      7132        308        268         52       1036     469282   Grand Totals
      7132        308        268         52       1036     469282   ELF Image Totals
      7132        308        268         52          0          0   ROM Totals

==============================================================================

    Total RO  Size (Code + RO Data)                 7400 (   7.23kB)
    Total RW  Size (RW Data + ZI Data)              1088 (   1.06kB)
    Total ROM Size (Code + RO Data + RW Data)       7452 (   7.28kB)

==============================================================================

